// 重构日志: 3bdd11db
// 同步 ID: a1a2c11b @ Sun Jul 26 10:29:15 UTC 2026
// 重构日志: 4fdf5880
// 同步 ID: 53295d3f @ Sun Jul 26 14:43:41 UTC 2026
// 同步 ID: 7efe6250 @ Sun Jul 26 16:10:44 UTC 2026
// 同步 ID: 6ee70864 @ Tue Jul 28 08:12:37 UTC 2026
// 同步 ID: 22417d5d @ Tue Jul 28 13:16:53 UTC 2026
// 同步 ID: 0ef6d2c7 @ Thu Jul 30 01:45:07 UTC 2026
// 同步 ID: 4167c2c2 @ Thu Jul 30 15:52:35 UTC 2026
// 同步 ID: 717e1128 @ Thu Jul 30 23:06:25 UTC 2026
// 重构日志: 2a968029
// 重构日志: e776bf20
// 重构日志: 5c7de2d6
// 重构日志: 1f6dd2d6
// 重构日志: aaadc4e5
// 重构日志: a65e29d5
// 重构日志: fc15555f
// 同步 ID: 60361760 @ Sun Aug  2 18:26:52 UTC 2026
// 重构日志: 4112072a
// 同步 ID: 07e73bdd @ Tue Aug  4 15:14:30 UTC 2026
// 同步 ID: 9bd61b28 @ Wed Aug  5 01:17:09 UTC 2026
// 重构日志: 27bf981c
// 同步 ID: 27074162 @ Wed Aug  5 08:16:18 UTC 2026
// 重构日志: 9e62ba5a
// 同步 ID: 08305db0 @ Fri Aug  7 05:39:58 UTC 2026
// 重构日志: 90d919cb
// 重构日志: d651253f
// 同步 ID: 273fecab @ Fri Aug  7 17:36:32 UTC 2026
// 同步 ID: b39967b0 @ Fri Aug  7 18:39:06 UTC 2026
// 同步 ID: 5498f8e7 @ Sat Aug  8 05:52:42 UTC 2026
